<html>
<body>
<pre>
<h1>礦ision Build Log</h1>
<h2>Tool Versions:</h2>
IDE-Version: μVision V5.14.0.0
Copyright (C) 2015 ARM Ltd and ARM Germany GmbH. All rights reserved.
License Information: 123 AutoBVT, Microsoft, LIC=D0DY8-3P3WP-M9KGG-V4HXZ-5MI3S-WG9YC
 
Tool Versions:
Toolchain:       MDK-ARM Standard  Version: 5.14.0.0
Toolchain Path:  C:\Keil_v5\ARM\ARMCC\Bin
C Compiler:      Armcc.exe V5.05 update 1 (build 106)
Assembler:       Armasm.exe V5.05 update 1 (build 106)
Linker/Locator:  ArmLink.exe V5.05 update 1 (build 106)
Library Manager: ArmAr.exe V5.05 update 1 (build 106)
Hex Converter:   FromElf.exe V5.05 update 1 (build 106)
CPU DLL:         SARMCM3.DLL V5.14.0.0
Dialog DLL:      DARMSTM.DLL V1.65.0.0
Target DLL:      STLink\ST-LINKIII-KEIL_SWO.dll V2.0.14.0_KEIL
Dialog DLL:      TARMSTM.DLL V1.64.0.0
 
<h2>Project:</h2>
D:\备份2018-1-27\Forest V1飞控板（平衡小车主控板） 四轴飞行器源码\USER\Minibalance.uvprojx
Project File Date:  09/25/2017

<h2>Output:</h2>
Rebuild target 'Target 1'
assembling startup_stm32f10x_md.s...
compiling Minibalance.c...
compiling delay.c...
compiling sys.c...
compiling usart.c...
compiling LED.C...
compiling key.c...
compiling oled.c...
compiling adc.c...
compiling timer.c...
compiling motor.c...
compiling encoder.c...
compiling IOI2C.c...
compiling 24l01.c...
compiling spi.c...
compiling usart2.c...
compiling control.c...
compiling DataScope_DP.C...
compiling inv_mpu.c...
compiling inv_mpu_dmp_motion_driver.c...
compiling filter.c...
compiling MPU6050.c...
compiling show.c...
linking...
Program Size: Code=27688 RO-data=6392 RW-data=240 ZI-data=2216  
FromELF: creating hex file...
"..\OBJ\Minibalance.axf" - 0 Error(s), 0 Warning(s).

<h2>Collection of Component include folders:</h2>
  D:\备份2018-1-27\Forest V1飞控板（平衡小车主控板） 四轴飞行器源码\USER\RTE
  C:\Keil_v5\ARM\PACK\Keil\STM32F1xx_DFP\1.0.5\Device\Include

<h2>Collection of Component Files used:</h2>
</pre>
</body>
</html>
